<?xml version="1.0"?>
<link_info>
   <banner>TI ARM Linker PC v16.9.0.LTS</banner>
   <copyright>Copyright (c) 1996-2015 Texas Instruments Incorporated</copyright>
   <link_time>0x5d4f8683</link_time>
   <link_errors>0x0</link_errors>
   <output_file>Ele_gun.out</output_file>
   <entry_point>
      <name>_c_int00</name>
      <address>0x4575</address>
   </entry_point>
   <input_file_list>
      <input_file id="fl-2">
         <path>.\</path>
         <kind>object</kind>
         <file>Circuit.obj</file>
         <name>Circuit.obj</name>
      </input_file>
      <input_file id="fl-3">
         <path>.\</path>
         <kind>object</kind>
         <file>main.obj</file>
         <name>main.obj</name>
      </input_file>
      <input_file id="fl-4">
         <path>.\</path>
         <kind>object</kind>
         <file>tm4c123gh6pm_startup_ccs.obj</file>
         <name>tm4c123gh6pm_startup_ccs.obj</name>
      </input_file>
      <input_file id="fl-5">
         <path>.\</path>
         <kind>object</kind>
         <file>uartstdio.obj</file>
         <name>uartstdio.obj</name>
      </input_file>
      <input_file id="fl-6">
         <path>.\drivers\Laser\</path>
         <kind>object</kind>
         <file>laser.obj</file>
         <name>laser.obj</name>
      </input_file>
      <input_file id="fl-7">
         <path>.\drivers\key\</path>
         <kind>object</kind>
         <file>key.obj</file>
         <name>key.obj</name>
      </input_file>
      <input_file id="fl-8">
         <path>.\drivers\my_delay\</path>
         <kind>object</kind>
         <file>delay.obj</file>
         <name>delay.obj</name>
      </input_file>
      <input_file id="fl-9">
         <path>.\drivers\pwm\</path>
         <kind>object</kind>
         <file>pwm_config.obj</file>
         <name>pwm_config.obj</name>
      </input_file>
      <input_file id="fl-a">
         <path>.\drivers\timer\</path>
         <kind>object</kind>
         <file>timer_config.obj</file>
         <name>timer_config.obj</name>
      </input_file>
      <input_file id="fl-b">
         <path>.\drivers\timer\</path>
         <kind>object</kind>
         <file>wtimer.obj</file>
         <name>wtimer.obj</name>
      </input_file>
      <input_file id="fl-c">
         <path>.\drivers\uart\</path>
         <kind>object</kind>
         <file>uart.obj</file>
         <name>uart.obj</name>
      </input_file>
      <input_file id="fl-13">
         <path>F:\TM4\TivaWare_C_Series-2.1.4.178\driverlib\ccs\Debug\</path>
         <kind>archive</kind>
         <file>driverlib.lib</file>
         <name>fpu.obj</name>
      </input_file>
      <input_file id="fl-14">
         <path>F:\TM4\TivaWare_C_Series-2.1.4.178\driverlib\ccs\Debug\</path>
         <kind>archive</kind>
         <file>driverlib.lib</file>
         <name>gpio.obj</name>
      </input_file>
      <input_file id="fl-15">
         <path>F:\TM4\TivaWare_C_Series-2.1.4.178\driverlib\ccs\Debug\</path>
         <kind>archive</kind>
         <file>driverlib.lib</file>
         <name>interrupt.obj</name>
      </input_file>
      <input_file id="fl-16">
         <path>F:\TM4\TivaWare_C_Series-2.1.4.178\driverlib\ccs\Debug\</path>
         <kind>archive</kind>
         <file>driverlib.lib</file>
         <name>pwm.obj</name>
      </input_file>
      <input_file id="fl-17">
         <path>F:\TM4\TivaWare_C_Series-2.1.4.178\driverlib\ccs\Debug\</path>
         <kind>archive</kind>
         <file>driverlib.lib</file>
         <name>sysctl.obj</name>
      </input_file>
      <input_file id="fl-18">
         <path>F:\TM4\TivaWare_C_Series-2.1.4.178\driverlib\ccs\Debug\</path>
         <kind>archive</kind>
         <file>driverlib.lib</file>
         <name>timer.obj</name>
      </input_file>
      <input_file id="fl-19">
         <path>F:\TM4\TivaWare_C_Series-2.1.4.178\driverlib\ccs\Debug\</path>
         <kind>archive</kind>
         <file>driverlib.lib</file>
         <name>uart.obj</name>
      </input_file>
      <input_file id="fl-1a">
         <path>F:\TM4\TivaWare_C_Series-2.1.4.178\driverlib\ccs\Debug\</path>
         <kind>archive</kind>
         <file>driverlib.lib</file>
         <name>cpu.obj</name>
      </input_file>
      <input_file id="fl-d0">
         <path>F:\TM4\ccsv7\tools\compiler\ti-cgt-arm_16.9.0.LTS\lib\</path>
         <kind>archive</kind>
         <file>rtsv7M4_T_le_v4SPD16_eabi.lib</file>
         <name>boot.obj</name>
      </input_file>
      <input_file id="fl-d1">
         <path>F:\TM4\ccsv7\tools\compiler\ti-cgt-arm_16.9.0.LTS\lib\</path>
         <kind>archive</kind>
         <file>rtsv7M4_T_le_v4SPD16_eabi.lib</file>
         <name>copy_decompress_lzss.obj</name>
      </input_file>
      <input_file id="fl-d2">
         <path>F:\TM4\ccsv7\tools\compiler\ti-cgt-arm_16.9.0.LTS\lib\</path>
         <kind>archive</kind>
         <file>rtsv7M4_T_le_v4SPD16_eabi.lib</file>
         <name>copy_decompress_none.obj</name>
      </input_file>
      <input_file id="fl-d3">
         <path>F:\TM4\ccsv7\tools\compiler\ti-cgt-arm_16.9.0.LTS\lib\</path>
         <kind>archive</kind>
         <file>rtsv7M4_T_le_v4SPD16_eabi.lib</file>
         <name>copy_zero_init.obj</name>
      </input_file>
      <input_file id="fl-d4">
         <path>F:\TM4\ccsv7\tools\compiler\ti-cgt-arm_16.9.0.LTS\lib\</path>
         <kind>archive</kind>
         <file>rtsv7M4_T_le_v4SPD16_eabi.lib</file>
         <name>exit.obj</name>
      </input_file>
      <input_file id="fl-d5">
         <path>F:\TM4\ccsv7\tools\compiler\ti-cgt-arm_16.9.0.LTS\lib\</path>
         <kind>archive</kind>
         <file>rtsv7M4_T_le_v4SPD16_eabi.lib</file>
         <name>fd_add_t2.obj</name>
      </input_file>
      <input_file id="fl-d6">
         <path>F:\TM4\ccsv7\tools\compiler\ti-cgt-arm_16.9.0.LTS\lib\</path>
         <kind>archive</kind>
         <file>rtsv7M4_T_le_v4SPD16_eabi.lib</file>
         <name>fd_div_t2.obj</name>
      </input_file>
      <input_file id="fl-d7">
         <path>F:\TM4\ccsv7\tools\compiler\ti-cgt-arm_16.9.0.LTS\lib\</path>
         <kind>archive</kind>
         <file>rtsv7M4_T_le_v4SPD16_eabi.lib</file>
         <name>fd_mul_t2.obj</name>
      </input_file>
      <input_file id="fl-d8">
         <path>F:\TM4\ccsv7\tools\compiler\ti-cgt-arm_16.9.0.LTS\lib\</path>
         <kind>archive</kind>
         <file>rtsv7M4_T_le_v4SPD16_eabi.lib</file>
         <name>fd_tos_t2.obj</name>
      </input_file>
      <input_file id="fl-d9">
         <path>F:\TM4\ccsv7\tools\compiler\ti-cgt-arm_16.9.0.LTS\lib\</path>
         <kind>archive</kind>
         <file>rtsv7M4_T_le_v4SPD16_eabi.lib</file>
         <name>fs_toll_t2.obj</name>
      </input_file>
      <input_file id="fl-da">
         <path>F:\TM4\ccsv7\tools\compiler\ti-cgt-arm_16.9.0.LTS\lib\</path>
         <kind>archive</kind>
         <file>rtsv7M4_T_le_v4SPD16_eabi.lib</file>
         <name>i_tofd_t2.obj</name>
      </input_file>
      <input_file id="fl-db">
         <path>F:\TM4\ccsv7\tools\compiler\ti-cgt-arm_16.9.0.LTS\lib\</path>
         <kind>archive</kind>
         <file>rtsv7M4_T_le_v4SPD16_eabi.lib</file>
         <name>ll_div_t2.obj</name>
      </input_file>
      <input_file id="fl-dc">
         <path>F:\TM4\ccsv7\tools\compiler\ti-cgt-arm_16.9.0.LTS\lib\</path>
         <kind>archive</kind>
         <file>rtsv7M4_T_le_v4SPD16_eabi.lib</file>
         <name>ll_tofs_t2.obj</name>
      </input_file>
      <input_file id="fl-dd">
         <path>F:\TM4\ccsv7\tools\compiler\ti-cgt-arm_16.9.0.LTS\lib\</path>
         <kind>archive</kind>
         <file>rtsv7M4_T_le_v4SPD16_eabi.lib</file>
         <name>memcpy_t2.obj</name>
      </input_file>
      <input_file id="fl-de">
         <path>F:\TM4\ccsv7\tools\compiler\ti-cgt-arm_16.9.0.LTS\lib\</path>
         <kind>archive</kind>
         <file>rtsv7M4_T_le_v4SPD16_eabi.lib</file>
         <name>memset_t2.obj</name>
      </input_file>
      <input_file id="fl-df">
         <path>F:\TM4\ccsv7\tools\compiler\ti-cgt-arm_16.9.0.LTS\lib\</path>
         <kind>archive</kind>
         <file>rtsv7M4_T_le_v4SPD16_eabi.lib</file>
         <name>mpu_init.obj</name>
      </input_file>
      <input_file id="fl-e0">
         <path>F:\TM4\ccsv7\tools\compiler\ti-cgt-arm_16.9.0.LTS\lib\</path>
         <kind>archive</kind>
         <file>rtsv7M4_T_le_v4SPD16_eabi.lib</file>
         <name>pre_init.obj</name>
      </input_file>
      <input_file id="fl-e1">
         <path>F:\TM4\ccsv7\tools\compiler\ti-cgt-arm_16.9.0.LTS\lib\</path>
         <kind>archive</kind>
         <file>rtsv7M4_T_le_v4SPD16_eabi.lib</file>
         <name>s_atan.obj</name>
      </input_file>
      <input_file id="fl-e2">
         <path>F:\TM4\ccsv7\tools\compiler\ti-cgt-arm_16.9.0.LTS\lib\</path>
         <kind>archive</kind>
         <file>rtsv7M4_T_le_v4SPD16_eabi.lib</file>
         <name>sscanf.obj</name>
      </input_file>
      <input_file id="fl-e3">
         <path>F:\TM4\ccsv7\tools\compiler\ti-cgt-arm_16.9.0.LTS\lib\</path>
         <kind>archive</kind>
         <file>rtsv7M4_T_le_v4SPD16_eabi.lib</file>
         <name>stkdepth_vars.obj</name>
      </input_file>
      <input_file id="fl-e4">
         <path>F:\TM4\ccsv7\tools\compiler\ti-cgt-arm_16.9.0.LTS\lib\</path>
         <kind>archive</kind>
         <file>rtsv7M4_T_le_v4SPD16_eabi.lib</file>
         <name>u_divt2.obj</name>
      </input_file>
      <input_file id="fl-e5">
         <path>F:\TM4\ccsv7\tools\compiler\ti-cgt-arm_16.9.0.LTS\lib\</path>
         <kind>archive</kind>
         <file>rtsv7M4_T_le_v4SPD16_eabi.lib</file>
         <name>u_tofd_t2.obj</name>
      </input_file>
      <input_file id="fl-e6">
         <path>F:\TM4\ccsv7\tools\compiler\ti-cgt-arm_16.9.0.LTS\lib\</path>
         <kind>archive</kind>
         <file>rtsv7M4_T_le_v4SPD16_eabi.lib</file>
         <name>_lock.obj</name>
      </input_file>
      <input_file id="fl-e7">
         <path>F:\TM4\ccsv7\tools\compiler\ti-cgt-arm_16.9.0.LTS\lib\</path>
         <kind>archive</kind>
         <file>rtsv7M4_T_le_v4SPD16_eabi.lib</file>
         <name>_scanfi.obj</name>
      </input_file>
      <input_file id="fl-e8">
         <path>F:\TM4\ccsv7\tools\compiler\ti-cgt-arm_16.9.0.LTS\lib\</path>
         <kind>archive</kind>
         <file>rtsv7M4_T_le_v4SPD16_eabi.lib</file>
         <name>args_main.obj</name>
      </input_file>
      <input_file id="fl-e9">
         <path>F:\TM4\ccsv7\tools\compiler\ti-cgt-arm_16.9.0.LTS\lib\</path>
         <kind>archive</kind>
         <file>rtsv7M4_T_le_v4SPD16_eabi.lib</file>
         <name>atoi.obj</name>
      </input_file>
      <input_file id="fl-ea">
         <path>F:\TM4\ccsv7\tools\compiler\ti-cgt-arm_16.9.0.LTS\lib\</path>
         <kind>archive</kind>
         <file>rtsv7M4_T_le_v4SPD16_eabi.lib</file>
         <name>autoinit.obj</name>
      </input_file>
      <input_file id="fl-eb">
         <path>F:\TM4\ccsv7\tools\compiler\ti-cgt-arm_16.9.0.LTS\lib\</path>
         <kind>archive</kind>
         <file>rtsv7M4_T_le_v4SPD16_eabi.lib</file>
         <name>cpy_tbl.obj</name>
      </input_file>
      <input_file id="fl-ec">
         <path>F:\TM4\ccsv7\tools\compiler\ti-cgt-arm_16.9.0.LTS\lib\</path>
         <kind>archive</kind>
         <file>rtsv7M4_T_le_v4SPD16_eabi.lib</file>
         <name>ctype.obj</name>
      </input_file>
      <input_file id="fl-ed">
         <path>F:\TM4\ccsv7\tools\compiler\ti-cgt-arm_16.9.0.LTS\lib\</path>
         <kind>archive</kind>
         <file>rtsv7M4_T_le_v4SPD16_eabi.lib</file>
         <name>fd_cmp_t2.obj</name>
      </input_file>
      <input_file id="fl-ee">
         <path>F:\TM4\ccsv7\tools\compiler\ti-cgt-arm_16.9.0.LTS\lib\</path>
         <kind>archive</kind>
         <file>rtsv7M4_T_le_v4SPD16_eabi.lib</file>
         <name>i_div0.obj</name>
      </input_file>
      <input_file id="fl-ef">
         <path>F:\TM4\ccsv7\tools\compiler\ti-cgt-arm_16.9.0.LTS\lib\</path>
         <kind>archive</kind>
         <file>rtsv7M4_T_le_v4SPD16_eabi.lib</file>
         <name>l_div0.obj</name>
      </input_file>
      <input_file id="fl-f0">
         <path>F:\TM4\ccsv7\tools\compiler\ti-cgt-arm_16.9.0.LTS\lib\</path>
         <kind>archive</kind>
         <file>rtsv7M4_T_le_v4SPD16_eabi.lib</file>
         <name>startup.obj</name>
      </input_file>
      <input_file id="fl-f1">
         <path>F:\TM4\ccsv7\tools\compiler\ti-cgt-arm_16.9.0.LTS\lib\</path>
         <kind>archive</kind>
         <file>rtsv7M4_T_le_v4SPD16_eabi.lib</file>
         <name>strchr.obj</name>
      </input_file>
      <input_file id="fl-f2">
         <path>F:\TM4\ccsv7\tools\compiler\ti-cgt-arm_16.9.0.LTS\lib\</path>
         <kind>archive</kind>
         <file>rtsv7M4_T_le_v4SPD16_eabi.lib</file>
         <name>strcpy.obj</name>
      </input_file>
      <input_file id="fl-f3">
         <path>F:\TM4\ccsv7\tools\compiler\ti-cgt-arm_16.9.0.LTS\lib\</path>
         <kind>archive</kind>
         <file>rtsv7M4_T_le_v4SPD16_eabi.lib</file>
         <name>strlen.obj</name>
      </input_file>
      <input_file id="fl-f4">
         <path>F:\TM4\ccsv7\tools\compiler\ti-cgt-arm_16.9.0.LTS\lib\</path>
         <kind>archive</kind>
         <file>rtsv7M4_T_le_v4SPD16_eabi.lib</file>
         <name>strrchr.obj</name>
      </input_file>
      <input_file id="fl-f5">
         <path>F:\TM4\ccsv7\tools\compiler\ti-cgt-arm_16.9.0.LTS\lib\</path>
         <kind>archive</kind>
         <file>rtsv7M4_T_le_v4SPD16_eabi.lib</file>
         <name>strtod.obj</name>
      </input_file>
      <input_file id="fl-f6">
         <path>F:\TM4\ccsv7\tools\compiler\ti-cgt-arm_16.9.0.LTS\lib\</path>
         <kind>archive</kind>
         <file>rtsv7M4_T_le_v4SPD16_eabi.lib</file>
         <name>strtol.obj</name>
      </input_file>
      <input_file id="fl-f7">
         <path>F:\TM4\ccsv7\tools\compiler\ti-cgt-arm_16.9.0.LTS\lib\</path>
         <kind>archive</kind>
         <file>rtsv7M4_T_le_v4SPD16_eabi.lib</file>
         <name>strtoll.obj</name>
      </input_file>
      <input_file id="fl-f8">
         <path>F:\TM4\ccsv7\tools\compiler\ti-cgt-arm_16.9.0.LTS\lib\</path>
         <kind>archive</kind>
         <file>rtsv7M4_T_le_v4SPD16_eabi.lib</file>
         <name>strtoul.obj</name>
      </input_file>
      <input_file id="fl-f9">
         <path>F:\TM4\ccsv7\tools\compiler\ti-cgt-arm_16.9.0.LTS\lib\</path>
         <kind>archive</kind>
         <file>rtsv7M4_T_le_v4SPD16_eabi.lib</file>
         <name>strtoull.obj</name>
      </input_file>
      <input_file id="fl-fa">
         <path>F:\TM4\ccsv7\tools\compiler\ti-cgt-arm_16.9.0.LTS\lib\</path>
         <kind>archive</kind>
         <file>rtsv7M4_T_le_v4SPD16_eabi.lib</file>
         <name>ull_div_t2.obj</name>
      </input_file>
      <input_file id="fl-fb">
         <path>F:\TM4\ccsv7\tools\compiler\ti-cgt-arm_16.9.0.LTS\lib\</path>
         <kind>archive</kind>
         <file>rtsv7M4_T_le_v4SPD16_eabi.lib</file>
         <name>errno.obj</name>
      </input_file>
      <input_file id="fl-fc">
         <path>F:\TM4\ccsv7\tools\compiler\ti-cgt-arm_16.9.0.LTS\lib\</path>
         <kind>archive</kind>
         <file>rtsv7M4_T_le_v4SPD16_eabi.lib</file>
         <name>ll_mul_t2.obj</name>
      </input_file>
   </input_file_list>
   <object_component_list>
      <object_component id="oc-f">
         <name>.intvecs</name>
         <load_address>0x0</load_address>
         <run_address>0x0</run_address>
         <size>0x26c</size>
         <input_file_ref idref="fl-4"/>
      </object_component>
      <object_component id="oc-a7">
         <name>.text</name>
         <load_address>0x26c</load_address>
         <run_address>0x26c</run_address>
         <size>0xc54</size>
         <input_file_ref idref="fl-3"/>
      </object_component>
      <object_component id="oc-ef">
         <name>.text</name>
         <load_address>0xec0</load_address>
         <run_address>0xec0</run_address>
         <size>0xaf4</size>
         <input_file_ref idref="fl-c"/>
      </object_component>
      <object_component id="oc-261">
         <name>.text</name>
         <load_address>0x19b4</load_address>
         <run_address>0x19b4</run_address>
         <size>0x898</size>
         <input_file_ref idref="fl-e7"/>
      </object_component>
      <object_component id="oc-1e2">
         <name>.text</name>
         <load_address>0x224c</load_address>
         <run_address>0x224c</run_address>
         <size>0x49c</size>
         <input_file_ref idref="fl-5"/>
      </object_component>
      <object_component id="oc-13a">
         <name>.text</name>
         <load_address>0x26e8</load_address>
         <run_address>0x26e8</run_address>
         <size>0x2ec</size>
         <input_file_ref idref="fl-e1"/>
      </object_component>
      <object_component id="oc-e3">
         <name>.text</name>
         <load_address>0x29d4</load_address>
         <run_address>0x29d4</run_address>
         <size>0x240</size>
         <input_file_ref idref="fl-6"/>
      </object_component>
      <object_component id="oc-2f5">
         <name>.text</name>
         <load_address>0x2c14</load_address>
         <run_address>0x2c14</run_address>
         <size>0x23c</size>
         <input_file_ref idref="fl-f5"/>
      </object_component>
      <object_component id="oc-1cd">
         <name>.text</name>
         <load_address>0x2e50</load_address>
         <run_address>0x2e50</run_address>
         <size>0x21e</size>
         <input_file_ref idref="fl-db"/>
      </object_component>
      <object_component id="oc-36a">
         <name>.text</name>
         <load_address>0x306e</load_address>
         <run_address>0x306e</run_address>
         <size>0x1f4</size>
         <input_file_ref idref="fl-fa"/>
      </object_component>
      <object_component id="oc-33c">
         <name>.text</name>
         <load_address>0x3262</load_address>
         <run_address>0x3262</run_address>
         <size>0x2</size>
         <input_file_ref idref="fl-ee"/>
      </object_component>
      <object_component id="oc-301">
         <name>.text</name>
         <load_address>0x3264</load_address>
         <run_address>0x3264</run_address>
         <size>0x1dc</size>
         <input_file_ref idref="fl-f7"/>
      </object_component>
      <object_component id="oc-10e">
         <name>.text</name>
         <load_address>0x3440</load_address>
         <run_address>0x3440</run_address>
         <size>0x1b6</size>
         <input_file_ref idref="fl-d5"/>
      </object_component>
      <object_component id="oc-289">
         <name>.text</name>
         <load_address>0x35f6</load_address>
         <run_address>0x35f6</run_address>
         <size>0x2</size>
         <input_file_ref idref="fl-ef"/>
      </object_component>
      <object_component id="oc-2ef">
         <name>.text</name>
         <load_address>0x35f8</load_address>
         <run_address>0x35f8</run_address>
         <size>0x15c</size>
         <input_file_ref idref="fl-f9"/>
      </object_component>
      <object_component id="oc-135">
         <name>.text</name>
         <load_address>0x3754</load_address>
         <run_address>0x3754</run_address>
         <size>0x136</size>
         <input_file_ref idref="fl-d6"/>
      </object_component>
      <object_component id="oc-57">
         <name>.text</name>
         <load_address>0x388a</load_address>
         <run_address>0x388a</run_address>
         <size>0x2</size>
         <input_file_ref idref="fl-df"/>
      </object_component>
      <object_component id="oc-2fb">
         <name>.text</name>
         <load_address>0x388c</load_address>
         <run_address>0x388c</run_address>
         <size>0x134</size>
         <input_file_ref idref="fl-f6"/>
      </object_component>
      <object_component id="oc-254">
         <name>.text:GPIOPadConfigSet</name>
         <load_address>0x39c0</load_address>
         <run_address>0x39c0</run_address>
         <size>0x132</size>
         <input_file_ref idref="fl-14"/>
      </object_component>
      <object_component id="oc-9f">
         <name>.text</name>
         <load_address>0x3af2</load_address>
         <run_address>0x3af2</run_address>
         <size>0x2</size>
         <input_file_ref idref="fl-f0"/>
      </object_component>
      <object_component id="oc-2e9">
         <name>.text</name>
         <load_address>0x3af4</load_address>
         <run_address>0x3af4</run_address>
         <size>0x114</size>
         <input_file_ref idref="fl-f8"/>
      </object_component>
      <object_component id="oc-1a5">
         <name>.text:SysCtlClockGet</name>
         <load_address>0x3c08</load_address>
         <run_address>0x3c08</run_address>
         <size>0x110</size>
         <input_file_ref idref="fl-17"/>
      </object_component>
      <object_component id="oc-109">
         <name>.text</name>
         <load_address>0x3d18</load_address>
         <run_address>0x3d18</run_address>
         <size>0xfc</size>
         <input_file_ref idref="fl-d7"/>
      </object_component>
      <object_component id="oc-cb">
         <name>.text:SysCtlClockSet</name>
         <load_address>0x3e14</load_address>
         <run_address>0x3e14</run_address>
         <size>0xf4</size>
         <input_file_ref idref="fl-17"/>
      </object_component>
      <object_component id="oc-e9">
         <name>.text</name>
         <load_address>0x3f08</load_address>
         <run_address>0x3f08</run_address>
         <size>0xf0</size>
         <input_file_ref idref="fl-9"/>
      </object_component>
      <object_component id="oc-179">
         <name>.text</name>
         <load_address>0x3ff8</load_address>
         <run_address>0x3ff8</run_address>
         <size>0xcc</size>
         <input_file_ref idref="fl-e2"/>
      </object_component>
      <object_component id="oc-3f">
         <name>.text</name>
         <load_address>0x40c4</load_address>
         <run_address>0x40c4</run_address>
         <size>0x9c</size>
         <input_file_ref idref="fl-dd"/>
      </object_component>
      <object_component id="oc-371">
         <name>.text:__aeabi_cdcmple</name>
         <load_address>0x4160</load_address>
         <run_address>0x4160</run_address>
         <size>0x86</size>
         <input_file_ref idref="fl-ed"/>
      </object_component>
      <object_component id="oc-23b">
         <name>.text:__aeabi_cdrcmple</name>
         <load_address>0x41e6</load_address>
         <run_address>0x41e6</run_address>
         <size>0x86</size>
         <input_file_ref idref="fl-ed"/>
      </object_component>
      <object_component id="oc-4b">
         <name>.text</name>
         <load_address>0x426c</load_address>
         <run_address>0x426c</run_address>
         <size>0x7a</size>
         <input_file_ref idref="fl-de"/>
      </object_component>
      <object_component id="oc-dd">
         <name>.text</name>
         <load_address>0x42e8</load_address>
         <run_address>0x42e8</run_address>
         <size>0x70</size>
         <input_file_ref idref="fl-2"/>
      </object_component>
      <object_component id="oc-63">
         <name>.text</name>
         <load_address>0x4358</load_address>
         <run_address>0x4358</run_address>
         <size>0x70</size>
         <input_file_ref idref="fl-ea"/>
      </object_component>
      <object_component id="oc-113">
         <name>.text</name>
         <load_address>0x43c8</load_address>
         <run_address>0x43c8</run_address>
         <size>0x6e</size>
         <input_file_ref idref="fl-d8"/>
      </object_component>
      <object_component id="oc-1d2">
         <name>.text</name>
         <load_address>0x4436</load_address>
         <run_address>0x4436</run_address>
         <size>0x6c</size>
         <input_file_ref idref="fl-d9"/>
      </object_component>
      <object_component id="oc-2c3">
         <name>.text:IntEnable</name>
         <load_address>0x44a4</load_address>
         <run_address>0x44a4</run_address>
         <size>0x68</size>
         <input_file_ref idref="fl-15"/>
      </object_component>
      <object_component id="oc-12">
         <name>.text:decompress:lzss</name>
         <load_address>0x450c</load_address>
         <run_address>0x450c</run_address>
         <size>0x68</size>
         <input_file_ref idref="fl-d1"/>
      </object_component>
      <object_component id="oc-24">
         <name>.text</name>
         <load_address>0x4574</load_address>
         <run_address>0x4574</run_address>
         <size>0x54</size>
         <input_file_ref idref="fl-d0"/>
      </object_component>
      <object_component id="oc-6f">
         <name>.text</name>
         <load_address>0x45c8</load_address>
         <run_address>0x45c8</run_address>
         <size>0x54</size>
         <input_file_ref idref="fl-d4"/>
      </object_component>
      <object_component id="oc-fe">
         <name>.text</name>
         <load_address>0x461c</load_address>
         <run_address>0x461c</run_address>
         <size>0x50</size>
         <input_file_ref idref="fl-8"/>
      </object_component>
      <object_component id="oc-313">
         <name>.text</name>
         <load_address>0x466c</load_address>
         <run_address>0x466c</run_address>
         <size>0x4c</size>
         <input_file_ref idref="fl-e9"/>
      </object_component>
      <object_component id="oc-99">
         <name>.text</name>
         <load_address>0x46b8</load_address>
         <run_address>0x46b8</run_address>
         <size>0x4c</size>
         <input_file_ref idref="fl-eb"/>
      </object_component>
      <object_component id="oc-193">
         <name>.text:GPIOPinConfigure</name>
         <load_address>0x4704</load_address>
         <run_address>0x4704</run_address>
         <size>0x48</size>
         <input_file_ref idref="fl-14"/>
      </object_component>
      <object_component id="oc-1d7">
         <name>.text</name>
         <load_address>0x474c</load_address>
         <run_address>0x474c</run_address>
         <size>0x48</size>
         <input_file_ref idref="fl-dc"/>
      </object_component>
      <object_component id="oc-200">
         <name>.text:UARTConfigSetExpClk</name>
         <load_address>0x4794</load_address>
         <run_address>0x4794</run_address>
         <size>0x46</size>
         <input_file_ref idref="fl-19"/>
      </object_component>
      <object_component id="oc-2b7">
         <name>.text:_UARTIntNumberGet</name>
         <load_address>0x47dc</load_address>
         <run_address>0x47dc</run_address>
         <size>0x40</size>
         <input_file_ref idref="fl-19"/>
      </object_component>
      <object_component id="oc-2a8">
         <name>.text</name>
         <load_address>0x481c</load_address>
         <run_address>0x481c</run_address>
         <size>0x40</size>
         <input_file_ref idref="fl-e4"/>
      </object_component>
      <object_component id="oc-293">
         <name>.text:SysCtlPeripheralPresent</name>
         <load_address>0x485c</load_address>
         <run_address>0x485c</run_address>
         <size>0x38</size>
         <input_file_ref idref="fl-17"/>
      </object_component>
      <object_component id="oc-18d">
         <name>.text:SysCtlPeripheralReady</name>
         <load_address>0x4894</load_address>
         <run_address>0x4894</run_address>
         <size>0x38</size>
         <input_file_ref idref="fl-17"/>
      </object_component>
      <object_component id="oc-2bd">
         <name>.text:IntRegister</name>
         <load_address>0x48cc</load_address>
         <run_address>0x48cc</run_address>
         <size>0x34</size>
         <input_file_ref idref="fl-15"/>
      </object_component>
      <object_component id="oc-16c">
         <name>.text:SysCtlPeripheralEnable</name>
         <load_address>0x4900</load_address>
         <run_address>0x4900</run_address>
         <size>0x34</size>
         <input_file_ref idref="fl-17"/>
      </object_component>
      <object_component id="oc-104">
         <name>.text</name>
         <load_address>0x4934</load_address>
         <run_address>0x4934</run_address>
         <size>0x2e</size>
         <input_file_ref idref="fl-da"/>
      </object_component>
      <object_component id="oc-25a">
         <name>.text:GPIODirModeSet</name>
         <load_address>0x4962</load_address>
         <run_address>0x4962</run_address>
         <size>0x2a</size>
         <input_file_ref idref="fl-14"/>
      </object_component>
      <object_component id="oc-1e8">
         <name>.text:IntPrioritySet</name>
         <load_address>0x498c</load_address>
         <run_address>0x498c</run_address>
         <size>0x24</size>
         <input_file_ref idref="fl-15"/>
      </object_component>
      <object_component id="oc-19f">
         <name>.text:PWMGenConfigure</name>
         <load_address>0x49b0</load_address>
         <run_address>0x49b0</run_address>
         <size>0x22</size>
         <input_file_ref idref="fl-16"/>
      </object_component>
      <object_component id="oc-2cc">
         <name>.text:UARTDisable</name>
         <load_address>0x49d4</load_address>
         <run_address>0x49d4</run_address>
         <size>0x20</size>
         <input_file_ref idref="fl-19"/>
      </object_component>
      <object_component id="oc-130">
         <name>.text</name>
         <load_address>0x49f4</load_address>
         <run_address>0x49f4</run_address>
         <size>0x20</size>
         <input_file_ref idref="fl-e5"/>
      </object_component>
      <object_component id="oc-11e">
         <name>.text:PWMPulseWidthSet</name>
         <load_address>0x4a14</load_address>
         <run_address>0x4a14</run_address>
         <size>0x1e</size>
         <input_file_ref idref="fl-16"/>
      </object_component>
      <object_component id="oc-172">
         <name>.text:GPIOPinTypeGPIOOutput</name>
         <load_address>0x4a32</load_address>
         <run_address>0x4a32</run_address>
         <size>0x18</size>
         <input_file_ref idref="fl-14"/>
      </object_component>
      <object_component id="oc-1ee">
         <name>.text:UARTIntRegister</name>
         <load_address>0x4a4a</load_address>
         <run_address>0x4a4a</run_address>
         <size>0x18</size>
         <input_file_ref idref="fl-19"/>
      </object_component>
      <object_component id="oc-69">
         <name>.text</name>
         <load_address>0x4a64</load_address>
         <run_address>0x4a64</run_address>
         <size>0x18</size>
         <input_file_ref idref="fl-e8"/>
      </object_component>
      <object_component id="oc-365">
         <name>.text</name>
         <load_address>0x4a7c</load_address>
         <run_address>0x4a7c</run_address>
         <size>0x18</size>
         <input_file_ref idref="fl-fc"/>
      </object_component>
      <object_component id="oc-2e3">
         <name>.text</name>
         <load_address>0x4a94</load_address>
         <run_address>0x4a94</run_address>
         <size>0x18</size>
         <input_file_ref idref="fl-f4"/>
      </object_component>
      <object_component id="oc-319">
         <name>.text</name>
         <load_address>0x4aac</load_address>
         <run_address>0x4aac</run_address>
         <size>0x16</size>
         <input_file_ref idref="fl-f1"/>
      </object_component>
      <object_component id="oc-187">
         <name>.text:SysCtlPWMClockSet</name>
         <load_address>0x4ac4</load_address>
         <run_address>0x4ac4</run_address>
         <size>0x14</size>
         <input_file_ref idref="fl-17"/>
      </object_component>
      <object_component id="oc-299">
         <name>.text:UARTEnable</name>
         <load_address>0x4ad8</load_address>
         <run_address>0x4ad8</run_address>
         <size>0x14</size>
         <input_file_ref idref="fl-19"/>
      </object_component>
      <object_component id="oc-14f">
         <name>.text</name>
         <load_address>0x4aec</load_address>
         <run_address>0x4aec</run_address>
         <size>0x14</size>
         <input_file_ref idref="fl-e6"/>
      </object_component>
      <object_component id="oc-307">
         <name>.text</name>
         <load_address>0x4b00</load_address>
         <run_address>0x4b00</run_address>
         <size>0x14</size>
         <input_file_ref idref="fl-f2"/>
      </object_component>
      <object_component id="oc-30d">
         <name>.text</name>
         <load_address>0x4b14</load_address>
         <run_address>0x4b14</run_address>
         <size>0x14</size>
         <input_file_ref idref="fl-f3"/>
      </object_component>
      <object_component id="oc-199">
         <name>.text:GPIOPinTypePWM</name>
         <load_address>0x4b28</load_address>
         <run_address>0x4b28</run_address>
         <size>0x12</size>
         <input_file_ref idref="fl-14"/>
      </object_component>
      <object_component id="oc-1dc">
         <name>.text:GPIOPinTypeUART</name>
         <load_address>0x4b3a</load_address>
         <run_address>0x4b3a</run_address>
         <size>0x12</size>
         <input_file_ref idref="fl-14"/>
      </object_component>
      <object_component id="oc-118">
         <name>.text:PWMGenPeriodGet</name>
         <load_address>0x4b4c</load_address>
         <run_address>0x4b4c</run_address>
         <size>0x12</size>
         <input_file_ref idref="fl-16"/>
      </object_component>
      <object_component id="oc-1b7">
         <name>.text:PWMOutputState</name>
         <load_address>0x4b5e</load_address>
         <run_address>0x4b5e</run_address>
         <size>0x12</size>
         <input_file_ref idref="fl-16"/>
      </object_component>
      <object_component id="oc-d7">
         <name>.text:FPUEnable</name>
         <load_address>0x4b70</load_address>
         <run_address>0x4b70</run_address>
         <size>0x10</size>
         <input_file_ref idref="fl-13"/>
      </object_component>
      <object_component id="oc-d1">
         <name>.text:FPULazyStackingEnable</name>
         <load_address>0x4b80</load_address>
         <run_address>0x4b80</run_address>
         <size>0x10</size>
         <input_file_ref idref="fl-13"/>
      </object_component>
      <object_component id="oc-f5">
         <name>.text:IntMasterEnable</name>
         <load_address>0x4b90</load_address>
         <run_address>0x4b90</run_address>
         <size>0x10</size>
         <input_file_ref idref="fl-15"/>
      </object_component>
      <object_component id="oc-1ab">
         <name>.text:PWMGenPeriodSet</name>
         <load_address>0x4ba0</load_address>
         <run_address>0x4ba0</run_address>
         <size>0x10</size>
         <input_file_ref idref="fl-16"/>
      </object_component>
      <object_component id="oc-212">
         <name>.text:UARTCharGetNonBlocking</name>
         <load_address>0x4bb0</load_address>
         <run_address>0x4bb0</run_address>
         <size>0xe</size>
         <input_file_ref idref="fl-19"/>
      </object_component>
      <object_component id="oc-218">
         <name>.text:UARTCharsAvail</name>
         <load_address>0x4bbe</load_address>
         <run_address>0x4bbe</run_address>
         <size>0xe</size>
         <input_file_ref idref="fl-19"/>
      </object_component>
      <object_component id="oc-18">
         <name>.text:decompress:none</name>
         <load_address>0x4bcc</load_address>
         <run_address>0x4bcc</run_address>
         <size>0xe</size>
         <input_file_ref idref="fl-d2"/>
      </object_component>
      <object_component id="oc-222">
         <name>.text:CPUcpsie</name>
         <load_address>0x4bda</load_address>
         <run_address>0x4bda</run_address>
         <size>0xc</size>
         <input_file_ref idref="fl-1a"/>
      </object_component>
      <object_component id="oc-1b1">
         <name>.text:PWMGenEnable</name>
         <load_address>0x4be6</load_address>
         <run_address>0x4be6</run_address>
         <size>0xc</size>
         <input_file_ref idref="fl-16"/>
      </object_component>
      <object_component id="oc-1e">
         <name>.text:decompress:ZI</name>
         <load_address>0x4bf2</load_address>
         <run_address>0x4bf2</run_address>
         <size>0xc</size>
         <input_file_ref idref="fl-d3"/>
      </object_component>
      <object_component id="oc-2b">
         <name>.text</name>
         <load_address>0x4bfe</load_address>
         <run_address>0x4bfe</run_address>
         <size>0xc</size>
         <input_file_ref idref="fl-4"/>
      </object_component>
      <object_component id="oc-1c7">
         <name>.text:UARTCharGet</name>
         <load_address>0x4c0a</load_address>
         <run_address>0x4c0a</run_address>
         <size>0xa</size>
         <input_file_ref idref="fl-19"/>
      </object_component>
      <object_component id="oc-1c1">
         <name>.text:UARTCharPut</name>
         <load_address>0x4c14</load_address>
         <run_address>0x4c14</run_address>
         <size>0xa</size>
         <input_file_ref idref="fl-19"/>
      </object_component>
      <object_component id="oc-206">
         <name>.text:UARTIntStatus</name>
         <load_address>0x4c1e</load_address>
         <run_address>0x4c1e</run_address>
         <size>0xa</size>
         <input_file_ref idref="fl-19"/>
      </object_component>
      <object_component id="oc-1f4">
         <name>.text:UARTIntEnable</name>
         <load_address>0x4c28</load_address>
         <run_address>0x4c28</run_address>
         <size>0x8</size>
         <input_file_ref idref="fl-19"/>
      </object_component>
      <object_component id="oc-127">
         <name>.text:GPIOPinWrite</name>
         <load_address>0x4c30</load_address>
         <run_address>0x4c30</run_address>
         <size>0x6</size>
         <input_file_ref idref="fl-14"/>
      </object_component>
      <object_component id="oc-167">
         <name>.text:SysCtlDelay</name>
         <load_address>0x4c36</load_address>
         <run_address>0x4c36</run_address>
         <size>0x6</size>
         <input_file_ref idref="fl-17"/>
      </object_component>
      <object_component id="oc-1fa">
         <name>.text:UARTClockSourceSet</name>
         <load_address>0x4c3c</load_address>
         <run_address>0x4c3c</run_address>
         <size>0x6</size>
         <input_file_ref idref="fl-19"/>
      </object_component>
      <object_component id="oc-20c">
         <name>.text:UARTIntClear</name>
         <load_address>0x4c42</load_address>
         <run_address>0x4c42</run_address>
         <size>0x4</size>
         <input_file_ref idref="fl-19"/>
      </object_component>
      <object_component id="oc-5d">
         <name>.text</name>
         <load_address>0x4c46</load_address>
         <run_address>0x4c46</run_address>
         <size>0x4</size>
         <input_file_ref idref="fl-e0"/>
      </object_component>
      <object_component id="oc-267">
         <name>.const:.string:_ctypes_</name>
         <load_address>0x4c50</load_address>
         <run_address>0x4c50</run_address>
         <size>0x101</size>
         <input_file_ref idref="fl-ec"/>
      </object_component>
      <object_component id="oc-2b2">
         <name>.const:g_pui32Regs</name>
         <load_address>0x4d54</load_address>
         <run_address>0x4d54</run_address>
         <size>0x9c</size>
         <input_file_ref idref="fl-15"/>
      </object_component>
      <object_component id="oc-240">
         <name>.const:$O1$$</name>
         <load_address>0x4df0</load_address>
         <run_address>0x4df0</run_address>
         <size>0x98</size>
         <input_file_ref idref="fl-e1"/>
      </object_component>
      <object_component id="oc-376">
         <name>.const:$O1$$</name>
         <load_address>0x4e88</load_address>
         <run_address>0x4e88</run_address>
         <size>0x98</size>
         <input_file_ref idref="fl-f5"/>
      </object_component>
      <object_component id="oc-277">
         <name>.const:g_pui32GPIOBaseAddrs</name>
         <load_address>0x4f20</load_address>
         <run_address>0x4f20</run_address>
         <size>0x90</size>
         <input_file_ref idref="fl-14"/>
      </object_component>
      <object_component id="oc-357">
         <name>.const</name>
         <load_address>0x4fb0</load_address>
         <run_address>0x4fb0</run_address>
         <size>0x70</size>
         <input_file_ref idref="fl-15"/>
      </object_component>
      <object_component id="oc-27d">
         <name>.const:g_pui32Xtals</name>
         <load_address>0x5020</load_address>
         <run_address>0x5020</run_address>
         <size>0x6c</size>
         <input_file_ref idref="fl-17"/>
      </object_component>
      <object_component id="oc-34c">
         <name>.const:g_ppui32UARTIntMap</name>
         <load_address>0x508c</load_address>
         <run_address>0x508c</run_address>
         <size>0x40</size>
         <input_file_ref idref="fl-19"/>
      </object_component>
      <object_component id="oc-34f">
         <name>.const:g_ppui32UARTIntMapSnowflake</name>
         <load_address>0x50cc</load_address>
         <run_address>0x50cc</run_address>
         <size>0x40</size>
         <input_file_ref idref="fl-19"/>
      </object_component>
      <object_component id="oc-343">
         <name>.const:.string</name>
         <load_address>0x510c</load_address>
         <run_address>0x510c</run_address>
         <size>0x12</size>
         <input_file_ref idref="fl-5"/>
      </object_component>
      <object_component id="oc-31f">
         <name>.const:$O1$$</name>
         <load_address>0x5120</load_address>
         <run_address>0x5120</run_address>
         <size>0x10</size>
         <input_file_ref idref="fl-e7"/>
      </object_component>
      <object_component id="oc-2a5">
         <name>.const:g_ui32UARTBase</name>
         <load_address>0x5130</load_address>
         <run_address>0x5130</run_address>
         <size>0xc</size>
         <input_file_ref idref="fl-5"/>
      </object_component>
      <object_component id="oc-29f">
         <name>.const:g_ui32UARTPeriph</name>
         <load_address>0x513c</load_address>
         <run_address>0x513c</run_address>
         <size>0xc</size>
         <input_file_ref idref="fl-5"/>
      </object_component>
      <object_component id="oc-2ad">
         <name>.const</name>
         <load_address>0x5148</load_address>
         <run_address>0x5148</run_address>
         <size>0x4</size>
         <input_file_ref idref="fl-5"/>
      </object_component>
      <object_component id="oc-3d7">
         <name>.cinit..data.load</name>
         <load_address>0x5150</load_address>
         <run_address>0x5150</run_address>
         <size>0x1d</size>
      </object_component>
      <object_component id="oc-3d4">
         <name>__TI_handler_table</name>
         <load_address>0x5170</load_address>
         <run_address>0x5170</run_address>
         <size>0xc</size>
      </object_component>
      <object_component id="oc-3d8">
         <name>.cinit..bss.load</name>
         <load_address>0x5180</load_address>
         <run_address>0x5180</run_address>
         <size>0x8</size>
      </object_component>
      <object_component id="oc-3d6">
         <name>.cinit..vtable.load</name>
         <load_address>0x5188</load_address>
         <run_address>0x5188</run_address>
         <size>0x8</size>
      </object_component>
      <object_component id="oc-3d5">
         <name>__TI_cinit_table</name>
         <load_address>0x5190</load_address>
         <run_address>0x5190</run_address>
         <size>0x18</size>
      </object_component>
      <object_component id="oc-353">
         <name>.vtable</name>
         <uninitialized>true</uninitialized>
         <run_address>0x20000000</run_address>
         <size>0x26c</size>
         <input_file_ref idref="fl-15"/>
      </object_component>
      <object_component id="oc-124">
         <name>.data</name>
         <load_address>0x200004ec</load_address>
         <run_address>0x200004ec</run_address>
         <size>0x14</size>
         <input_file_ref idref="fl-3"/>
      </object_component>
      <object_component id="oc-2a2">
         <name>.data</name>
         <load_address>0x20000514</load_address>
         <run_address>0x20000514</run_address>
         <size>0x5</size>
         <input_file_ref idref="fl-5"/>
      </object_component>
      <object_component id="oc-182">
         <name>.data</name>
         <load_address>0x20000519</load_address>
         <run_address>0x20000519</run_address>
         <size>0x1</size>
         <input_file_ref idref="fl-6"/>
      </object_component>
      <object_component id="oc-12d">
         <name>.data</name>
         <load_address>0x2000051a</load_address>
         <run_address>0x2000051a</run_address>
         <size>0x2</size>
         <input_file_ref idref="fl-c"/>
      </object_component>
      <object_component id="oc-af">
         <name>.data:$O1$$</name>
         <load_address>0x20000500</load_address>
         <run_address>0x20000500</run_address>
         <size>0xc</size>
         <input_file_ref idref="fl-d4"/>
      </object_component>
      <object_component id="oc-75">
         <name>.data</name>
         <load_address>0x20000520</load_address>
         <run_address>0x20000520</run_address>
         <size>0x4</size>
         <input_file_ref idref="fl-e3"/>
      </object_component>
      <object_component id="oc-b2">
         <name>.data:$O1$$</name>
         <load_address>0x2000050c</load_address>
         <run_address>0x2000050c</run_address>
         <size>0x8</size>
         <input_file_ref idref="fl-e6"/>
      </object_component>
      <object_component id="oc-360">
         <name>.data</name>
         <load_address>0x2000051c</load_address>
         <run_address>0x2000051c</run_address>
         <size>0x4</size>
         <input_file_ref idref="fl-fb"/>
      </object_component>
      <object_component id="oc-183">
         <name>.bss:this_dis$2</name>
         <uninitialized>true</uninitialized>
         <run_address>0x200004dc</run_address>
         <size>0x8</size>
         <input_file_ref idref="fl-6"/>
      </object_component>
      <object_component id="oc-184">
         <name>.bss:this_acc$3</name>
         <uninitialized>true</uninitialized>
         <run_address>0x200004d4</run_address>
         <size>0x8</size>
         <input_file_ref idref="fl-6"/>
      </object_component>
      <object_component id="oc-fb">
         <name>.common:uart_flag</name>
         <uninitialized>true</uninitialized>
         <run_address>0x200004e8</run_address>
         <size>0x1</size>
      </object_component>
      <object_component id="oc-1bd">
         <name>.common:pwm_clock_div</name>
         <uninitialized>true</uninitialized>
         <run_address>0x200004e4</run_address>
         <size>0x4</size>
      </object_component>
      <object_component id="oc-21e">
         <name>.common:uart0_buff</name>
         <uninitialized>true</uninitialized>
         <run_address>0x200004ac</run_address>
         <size>0x14</size>
      </object_component>
      <object_component id="oc-17f">
         <name>.common:uart4_buff</name>
         <uninitialized>true</uninitialized>
         <run_address>0x2000048c</run_address>
         <size>0x20</size>
      </object_component>
      <object_component id="oc-21f">
         <name>.common:uart1_buff</name>
         <uninitialized>true</uninitialized>
         <run_address>0x2000046c</run_address>
         <size>0x20</size>
      </object_component>
      <object_component id="oc-220">
         <name>.common:uart5_buff</name>
         <uninitialized>true</uninitialized>
         <run_address>0x200004c0</run_address>
         <size>0x14</size>
      </object_component>
      <object_component id="oc-2a">
         <name>.stack</name>
         <uninitialized>true</uninitialized>
         <run_address>0x2000026c</run_address>
         <size>0x0</size>
         <input_file_ref idref="fl-d0"/>
      </object_component>
      <object_component id="oc-3d9">
         <name>.stack</name>
         <uninitialized>true</uninitialized>
         <run_address>0x2000026c</run_address>
         <size>0x0</size>
      </object_component>
      <object_component id="oc-de">
         <name>.debug_info</name>
         <load_address>0x0</load_address>
         <run_address>0x0</run_address>
         <size>0x259</size>
         <input_file_ref idref="fl-2"/>
      </object_component>
      <object_component id="oc-3a">
         <name>.debug_info</name>
         <load_address>0x259</load_address>
         <run_address>0x259</run_address>
         <size>0x84</size>
         <input_file_ref idref="fl-2"/>
      </object_component>
      <object_component id="oc-7c">
         <name>.debug_info</name>
         <load_address>0x2dd</load_address>
         <run_address>0x2dd</run_address>
         <size>0x18b</size>
         <input_file_ref idref="fl-2"/>
      </object_component>
      <object_component id="oc-fc">
         <name>.debug_info</name>
         <load_address>0x468</load_address>
         <run_address>0x468</run_address>
         <size>0x545</size>
         <input_file_ref idref="fl-3"/>
      </object_component>
      <object_component id="oc-125">
         <name>.debug_info</name>
         <load_address>0x9ad</load_address>
         <run_address>0x9ad</run_address>
         <size>0x1bc</size>
         <input_file_ref idref="fl-3"/>
      </object_component>
      <object_component id="oc-a8">
         <name>.debug_info</name>
         <load_address>0xb69</load_address>
         <run_address>0xb69</run_address>
         <size>0xf9d</size>
         <input_file_ref idref="fl-3"/>
      </object_component>
      <object_component id="oc-141">
         <name>.debug_info</name>
         <load_address>0x1b06</load_address>
         <run_address>0x1b06</run_address>
         <size>0x8b</size>
         <input_file_ref idref="fl-3"/>
      </object_component>
      <object_component id="oc-26c">
         <name>.debug_info</name>
         <load_address>0x1b91</load_address>
         <run_address>0x1b91</run_address>
         <size>0x4e</size>
         <input_file_ref idref="fl-3"/>
      </object_component>
      <object_component id="oc-33">
         <name>.debug_info</name>
         <load_address>0x1bdf</load_address>
         <run_address>0x1bdf</run_address>
         <size>0xec</size>
         <input_file_ref idref="fl-4"/>
      </object_component>
      <object_component id="oc-10">
         <name>.debug_info</name>
         <load_address>0x1ccb</load_address>
         <run_address>0x1ccb</run_address>
         <size>0xd7</size>
         <input_file_ref idref="fl-4"/>
      </object_component>
      <object_component id="oc-2d">
         <name>.debug_info</name>
         <load_address>0x1da2</load_address>
         <run_address>0x1da2</run_address>
         <size>0x253</size>
         <input_file_ref idref="fl-4"/>
      </object_component>
      <object_component id="oc-2b1">
         <name>.debug_info</name>
         <load_address>0x1ff5</load_address>
         <run_address>0x1ff5</run_address>
         <size>0x226</size>
         <input_file_ref idref="fl-5"/>
      </object_component>
      <object_component id="oc-2a3">
         <name>.debug_info</name>
         <load_address>0x221b</load_address>
         <run_address>0x221b</run_address>
         <size>0xc3</size>
         <input_file_ref idref="fl-5"/>
      </object_component>
      <object_component id="oc-2ae">
         <name>.debug_info</name>
         <load_address>0x22de</load_address>
         <run_address>0x22de</run_address>
         <size>0xbd</size>
         <input_file_ref idref="fl-5"/>
      </object_component>
      <object_component id="oc-2a6">
         <name>.debug_info</name>
         <load_address>0x239b</load_address>
         <run_address>0x239b</run_address>
         <size>0xcb</size>
         <input_file_ref idref="fl-5"/>
      </object_component>
      <object_component id="oc-2a0">
         <name>.debug_info</name>
         <load_address>0x2466</load_address>
         <run_address>0x2466</run_address>
         <size>0xcf</size>
         <input_file_ref idref="fl-5"/>
      </object_component>
      <object_component id="oc-1e3">
         <name>.debug_info</name>
         <load_address>0x2535</load_address>
         <run_address>0x2535</run_address>
         <size>0x76c</size>
         <input_file_ref idref="fl-5"/>
      </object_component>
      <object_component id="oc-186">
         <name>.debug_info</name>
         <load_address>0x2ca1</load_address>
         <run_address>0x2ca1</run_address>
         <size>0x25c</size>
         <input_file_ref idref="fl-6"/>
      </object_component>
      <object_component id="oc-e6">
         <name>.debug_info</name>
         <load_address>0x2efd</load_address>
         <run_address>0x2efd</run_address>
         <size>0x2d8</size>
         <input_file_ref idref="fl-6"/>
      </object_component>
      <object_component id="oc-100">
         <name>.debug_info</name>
         <load_address>0x31d5</load_address>
         <run_address>0x31d5</run_address>
         <size>0x2a1</size>
         <input_file_ref idref="fl-8"/>
      </object_component>
      <object_component id="oc-1be">
         <name>.debug_info</name>
         <load_address>0x3476</load_address>
         <run_address>0x3476</run_address>
         <size>0x36d</size>
         <input_file_ref idref="fl-9"/>
      </object_component>
      <object_component id="oc-eb">
         <name>.debug_info</name>
         <load_address>0x37e3</load_address>
         <run_address>0x37e3</run_address>
         <size>0x36e</size>
         <input_file_ref idref="fl-9"/>
      </object_component>
      <object_component id="oc-180">
         <name>.debug_info</name>
         <load_address>0x3b51</load_address>
         <run_address>0x3b51</run_address>
         <size>0x769</size>
         <input_file_ref idref="fl-c"/>
      </object_component>
      <object_component id="oc-12e">
         <name>.debug_info</name>
         <load_address>0x42ba</load_address>
         <run_address>0x42ba</run_address>
         <size>0xce</size>
         <input_file_ref idref="fl-c"/>
      </object_component>
      <object_component id="oc-f1">
         <name>.debug_info</name>
         <load_address>0x4388</load_address>
         <run_address>0x4388</run_address>
         <size>0x1adb</size>
         <input_file_ref idref="fl-c"/>
      </object_component>
      <object_component id="oc-d3">
         <name>.debug_info</name>
         <load_address>0x5e63</load_address>
         <run_address>0x5e63</run_address>
         <size>0x225</size>
         <input_file_ref idref="fl-13"/>
      </object_component>
      <object_component id="oc-d8">
         <name>.debug_info</name>
         <load_address>0x6088</load_address>
         <run_address>0x6088</run_address>
         <size>0x20d</size>
         <input_file_ref idref="fl-13"/>
      </object_component>
      <object_component id="oc-236">
         <name>.debug_info</name>
         <load_address>0x6295</load_address>
         <run_address>0x6295</run_address>
         <size>0x240</size>
         <input_file_ref idref="fl-14"/>
      </object_component>
      <object_component id="oc-278">
         <name>.debug_info</name>
         <load_address>0x64d5</load_address>
         <run_address>0x64d5</run_address>
         <size>0x15b</size>
         <input_file_ref idref="fl-14"/>
      </object_component>
      <object_component id="oc-12a">
         <name>.debug_info</name>
         <load_address>0x6630</load_address>
         <run_address>0x6630</run_address>
         <size>0x2a3</size>
         <input_file_ref idref="fl-14"/>
      </object_component>
      <object_component id="oc-25d">
         <name>.debug_info</name>
         <load_address>0x68d3</load_address>
         <run_address>0x68d3</run_address>
         <size>0x2b3</size>
         <input_file_ref idref="fl-14"/>
      </object_component>
      <object_component id="oc-257">
         <name>.debug_info</name>
         <load_address>0x6b86</load_address>
         <run_address>0x6b86</run_address>
         <size>0x316</size>
         <input_file_ref idref="fl-14"/>
      </object_component>
      <object_component id="oc-1df">
         <name>.debug_info</name>
         <load_address>0x6e9c</load_address>
         <run_address>0x6e9c</run_address>
         <size>0x27b</size>
         <input_file_ref idref="fl-14"/>
      </object_component>
      <object_component id="oc-19c">
         <name>.debug_info</name>
         <load_address>0x7117</load_address>
         <run_address>0x7117</run_address>
         <size>0x279</size>
         <input_file_ref idref="fl-14"/>
      </object_component>
      <object_component id="oc-175">
         <name>.debug_info</name>
         <load_address>0x7390</load_address>
         <run_address>0x7390</run_address>
         <size>0x2b7</size>
         <input_file_ref idref="fl-14"/>
      </object_component>
      <object_component id="oc-194">
         <name>.debug_info</name>
         <load_address>0x7647</load_address>
         <run_address>0x7647</run_address>
         <size>0x280</size>
         <input_file_ref idref="fl-14"/>
      </object_component>
      <object_component id="oc-2b6">
         <name>.debug_info</name>
         <load_address>0x78c7</load_address>
         <run_address>0x78c7</run_address>
         <size>0x20e</size>
         <input_file_ref idref="fl-15"/>
      </object_component>
      <object_component id="oc-358">
         <name>.debug_info</name>
         <load_address>0x7ad5</load_address>
         <run_address>0x7ad5</run_address>
         <size>0x210</size>
         <input_file_ref idref="fl-15"/>
      </object_component>
      <object_component id="oc-2b3">
         <name>.debug_info</name>
         <load_address>0x7ce5</load_address>
         <run_address>0x7ce5</run_address>
         <size>0x14e</size>
         <input_file_ref idref="fl-15"/>
      </object_component>
      <object_component id="oc-354">
         <name>.debug_info</name>
         <load_address>0x7e33</load_address>
         <run_address>0x7e33</run_address>
         <size>0x157</size>
         <input_file_ref idref="fl-15"/>
      </object_component>
      <object_component id="oc-2bf">
         <name>.debug_info</name>
         <load_address>0x7f8a</load_address>
         <run_address>0x7f8a</run_address>
         <size>0x2c1</size>
         <input_file_ref idref="fl-15"/>
      </object_component>
      <object_component id="oc-1ea">
         <name>.debug_info</name>
         <load_address>0x824b</load_address>
         <run_address>0x824b</run_address>
         <size>0x2c9</size>
         <input_file_ref idref="fl-15"/>
      </object_component>
      <object_component id="oc-f7">
         <name>.debug_info</name>
         <load_address>0x8514</load_address>
         <run_address>0x8514</run_address>
         <size>0x23e</size>
         <input_file_ref idref="fl-15"/>
      </object_component>
      <object_component id="oc-2c5">
         <name>.debug_info</name>
         <load_address>0x8752</load_address>
         <run_address>0x8752</run_address>
         <size>0x268</size>
         <input_file_ref idref="fl-15"/>
      </object_component>
      <object_component id="oc-231">
         <name>.debug_info</name>
         <load_address>0x89ba</load_address>
         <run_address>0x89ba</run_address>
         <size>0x1ed</size>
         <input_file_ref idref="fl-16"/>
      </object_component>
      <object_component id="oc-11f">
         <name>.debug_info</name>
         <load_address>0x8ba7</load_address>
         <run_address>0x8ba7</run_address>
         <size>0x2f6</size>
         <input_file_ref idref="fl-16"/>
      </object_component>
      <object_component id="oc-1b8">
         <name>.debug_info</name>
         <load_address>0x8e9d</load_address>
         <run_address>0x8e9d</run_address>
         <size>0x2c4</size>
         <input_file_ref idref="fl-16"/>
      </object_component>
      <object_component id="oc-1ac">
         <name>.debug_info</name>
         <load_address>0x9161</load_address>
         <run_address>0x9161</run_address>
         <size>0x2b6</size>
         <input_file_ref idref="fl-16"/>
      </object_component>
      <object_component id="oc-119">
         <name>.debug_info</name>
         <load_address>0x9417</load_address>
         <run_address>0x9417</run_address>
         <size>0x280</size>
         <input_file_ref idref="fl-16"/>
      </object_component>
      <object_component id="oc-1b2">
         <name>.debug_info</name>
         <load_address>0x9697</load_address>
         <run_address>0x9697</run_address>
         <size>0x276</size>
         <input_file_ref idref="fl-16"/>
      </object_component>
      <object_component id="oc-1a0">
         <name>.debug_info</name>
         <load_address>0x990d</load_address>
         <run_address>0x990d</run_address>
         <size>0x2b3</size>
         <input_file_ref idref="fl-16"/>
      </object_component>
      <object_component id="oc-169">
         <name>.debug_info</name>
         <load_address>0x9bc0</load_address>
         <run_address>0x9bc0</run_address>
         <size>0x298</size>
         <input_file_ref idref="fl-17"/>
      </object_component>
      <object_component id="oc-27e">
         <name>.debug_info</name>
         <load_address>0x9e58</load_address>
         <run_address>0x9e58</run_address>
         <size>0x14d</size>
         <input_file_ref idref="fl-17"/>
      </object_component>
      <object_component id="oc-18e">
         <name>.debug_info</name>
         <load_address>0x9fa5</load_address>
         <run_address>0x9fa5</run_address>
         <size>0x27f</size>
         <input_file_ref idref="fl-17"/>
      </object_component>
      <object_component id="oc-294">
         <name>.debug_info</name>
         <load_address>0xa224</load_address>
         <run_address>0xa224</run_address>
         <size>0x283</size>
         <input_file_ref idref="fl-17"/>
      </object_component>
      <object_component id="oc-16e">
         <name>.debug_info</name>
         <load_address>0xa4a7</load_address>
         <run_address>0xa4a7</run_address>
         <size>0x27d</size>
         <input_file_ref idref="fl-17"/>
      </object_component>
      <object_component id="oc-189">
         <name>.debug_info</name>
         <load_address>0xa724</load_address>
         <run_address>0xa724</run_address>
         <size>0x263</size>
         <input_file_ref idref="fl-17"/>
      </object_component>
      <object_component id="oc-cc">
         <name>.debug_info</name>
         <load_address>0xa987</load_address>
         <run_address>0xa987</run_address>
         <size>0x2db</size>
         <input_file_ref idref="fl-17"/>
      </object_component>
      <object_component id="oc-1a6">
         <name>.debug_info</name>
         <load_address>0xac62</load_address>
         <run_address>0xac62</run_address>
         <size>0x2b5</size>
         <input_file_ref idref="fl-17"/>
      </object_component>
      <object_component id="oc-24e">
         <name>.debug_info</name>
         <load_address>0xaf17</load_address>
         <run_address>0xaf17</run_address>
         <size>0x5f</size>
         <input_file_ref idref="fl-17"/>
      </object_component>
      <object_component id="oc-287">
         <name>.debug_info</name>
         <load_address>0xaf76</load_address>
         <run_address>0xaf76</run_address>
         <size>0x227</size>
         <input_file_ref idref="fl-19"/>
      </object_component>
      <object_component id="oc-34d">
         <name>.debug_info</name>
         <load_address>0xb19d</load_address>
         <run_address>0xb19d</run_address>
         <size>0x157</size>
         <input_file_ref idref="fl-19"/>
      </object_component>
      <object_component id="oc-350">
         <name>.debug_info</name>
         <load_address>0xb2f4</load_address>
         <run_address>0xb2f4</run_address>
         <size>0x169</size>
         <input_file_ref idref="fl-19"/>
      </object_component>
      <object_component id="oc-2b8">
         <name>.debug_info</name>
         <load_address>0xb45d</load_address>
         <run_address>0xb45d</run_address>
         <size>0x27e</size>
         <input_file_ref idref="fl-19"/>
      </object_component>
      <object_component id="oc-207">
         <name>.debug_info</name>
         <load_address>0xb6db</load_address>
         <run_address>0xb6db</run_address>
         <size>0x27f</size>
         <input_file_ref idref="fl-19"/>
      </object_component>
      <object_component id="oc-1ef">
         <name>.debug_info</name>
         <load_address>0xb95a</load_address>
         <run_address>0xb95a</run_address>
         <size>0x2c3</size>
         <input_file_ref idref="fl-19"/>
      </object_component>
      <object_component id="oc-1f5">
         <name>.debug_info</name>
         <load_address>0xbc1d</load_address>
         <run_address>0xbc1d</run_address>
         <size>0x28f</size>
         <input_file_ref idref="fl-19"/>
      </object_component>
      <object_component id="oc-20d">
         <name>.debug_info</name>
         <load_address>0xbeac</load_address>
         <run_address>0xbeac</run_address>
         <size>0x28d</size>
         <input_file_ref idref="fl-19"/>
      </object_component>
      <object_component id="oc-29a">
         <name>.debug_info</name>
         <load_address>0xc139</load_address>
         <run_address>0xc139</run_address>
         <size>0x247</size>
         <input_file_ref idref="fl-19"/>
      </object_component>
      <object_component id="oc-2cd">
         <name>.debug_info</name>
         <load_address>0xc380</load_address>
         <run_address>0xc380</run_address>
         <size>0x249</size>
         <input_file_ref idref="fl-19"/>
      </object_component>
      <object_component id="oc-201">
         <name>.debug_info</name>
         <load_address>0xc5c9</load_address>
         <run_address>0xc5c9</run_address>
         <size>0x326</size>
         <input_file_ref idref="fl-19"/>
      </object_component>
      <object_component id="oc-1fb">
         <name>.debug_info</name>
         <load_address>0xc8ef</load_address>
         <run_address>0xc8ef</run_address>
         <size>0x291</size>
         <input_file_ref idref="fl-19"/>
      </object_component>
      <object_component id="oc-219">
         <name>.debug_info</name>
         <load_address>0xcb80</load_address>
         <run_address>0xcb80</run_address>
         <size>0x253</size>
         <input_file_ref idref="fl-19"/>
      </object_component>
      <object_component id="oc-1c2">
         <name>.debug_info</name>
         <load_address>0xcdd3</load_address>
         <run_address>0xcdd3</run_address>
         <size>0x273</size>
         <input_file_ref idref="fl-19"/>
      </object_component>
      <object_component id="oc-213">
         <name>.debug_info</name>
         <load_address>0xd046</load_address>
         <run_address>0xd046</run_address>
         <size>0x263</size>
         <input_file_ref idref="fl-19"/>
      </object_component>
      <object_component id="oc-1c8">
         <name>.debug_info</name>
         <load_address>0xd2a9</load_address>
         <run_address>0xd2a9</run_address>
         <size>0x24d</size>
         <input_file_ref idref="fl-19"/>
      </object_component>
      <object_component id="oc-223">
         <name>.debug_info</name>
         <load_address>0xd4f6</load_address>
         <run_address>0xd4f6</run_address>
         <size>0x212</size>
         <input_file_ref idref="fl-1a"/>
      </object_component>
      <object_component id="oc-26">
         <name>.debug_info</name>
         <load_address>0xd708</load_address>
         <run_address>0xd708</run_address>
         <size>0x160</size>
         <input_file_ref idref="fl-d0"/>
      </object_component>
      <object_component id="oc-86">
         <name>.debug_info</name>
         <load_address>0xd868</load_address>
         <run_address>0xd868</run_address>
         <size>0xf9</size>
         <input_file_ref idref="fl-d1"/>
      </object_component>
      <object_component id="oc-14">
         <name>.debug_info</name>
         <load_address>0xd961</load_address>
         <run_address>0xd961</run_address>
         <size>0x245</size>
         <input_file_ref idref="fl-d1"/>
      </object_component>
      <object_component id="oc-35">
         <name>.debug_info</name>
         <load_address>0xdba6</load_address>
         <run_address>0xdba6</run_address>
         <size>0x60</size>
         <input_file_ref idref="fl-d1"/>
      </object_component>
      <object_component id="oc-81">
         <name>.debug_info</name>
         <load_address>0xdc06</load_address>
         <run_address>0xdc06</run_address>
         <size>0x46</size>
         <input_file_ref idref="fl-d1"/>
      </object_component>
      <object_component id="oc-4a">
         <name>.debug_info</name>
         <load_address>0xdc4c</load_address>
         <run_address>0xdc4c</run_address>
         <size>0x140</size>
         <input_file_ref idref="fl-d2"/>
      </object_component>
      <object_component id="oc-19">
         <name>.debug_info</name>
         <load_address>0xdd8c</load_address>
         <run_address>0xdd8c</run_address>
         <size>0x1df</size>
         <input_file_ref idref="fl-d2"/>
      </object_component>
      <object_component id="oc-45">
         <name>.debug_info</name>
         <load_address>0xdf6b</load_address>
         <run_address>0xdf6b</run_address>
         <size>0x46</size>
         <input_file_ref idref="fl-d2"/>
      </object_component>
      <object_component id="oc-88">
         <name>.debug_info</name>
         <load_address>0xdfb1</load_address>
         <run_address>0xdfb1</run_address>
         <size>0x2c</size>
         <input_file_ref idref="fl-d2"/>
      </object_component>
      <object_component id="oc-56">
         <name>.debug_info</name>
         <load_address>0xdfdd</load_address>
         <run_address>0xdfdd</run_address>
         <size>0x12f</size>
         <input_file_ref idref="fl-d3"/>
      </object_component>
      <object_component id="oc-22">
         <name>.debug_info</name>
         <load_address>0xe10c</load_address>
         <run_address>0xe10c</run_address>
         <size>0x1aa</size>
         <input_file_ref idref="fl-d3"/>
      </object_component>
      <object_component id="oc-51">
         <name>.debug_info</name>
         <load_address>0xe2b6</load_address>
         <run_address>0xe2b6</run_address>
         <size>0x46</size>
         <input_file_ref idref="fl-d3"/>
      </object_component>
      <object_component id="oc-90">
         <name>.debug_info</name>
         <load_address>0xe2fc</load_address>
         <run_address>0xe2fc</run_address>
         <size>0x2c</size>
         <input_file_ref idref="fl-d3"/>
      </object_component>
      <object_component id="oc-b6">
         <name>.debug_info</name>
         <load_address>0xe328</load_address>
         <run_address>0xe328</run_address>
         <size>0x234</size>
         <input_file_ref idref="fl-d4"/>
      </object_component>
      <object_component id="oc-b0">
         <name>.debug_info</name>
         <load_address>0xe55c</load_address>
         <run_address>0xe55c</run_address>
         <size>0x185</size>
         <input_file_ref idref="fl-d4"/>
      </object_component>
      <object_component id="oc-71">
         <name>.debug_info</name>
         <load_address>0xe6e1</load_address>
         <run_address>0xe6e1</run_address>
         <size>0x214</size>
         <input_file_ref idref="fl-d4"/>
      </object_component>
      <object_component id="oc-10f">
         <name>.debug_info</name>
         <load_address>0xe8f5</load_address>
         <run_address>0xe8f5</run_address>
         <size>0x144</size>
         <input_file_ref idref="fl-d5"/>
      </object_component>
      <object_component id="oc-137">
         <name>.debug_info</name>
         <load_address>0xea39</load_address>
         <run_address>0xea39</run_address>
         <size>0x132</size>
         <input_file_ref idref="fl-d6"/>
      </object_component>
      <object_component id="oc-10a">
         <name>.debug_info</name>
         <load_address>0xeb6b</load_address>
         <run_address>0xeb6b</run_address>
         <size>0x132</size>
         <input_file_ref idref="fl-d7"/>
      </object_component>
      <object_component id="oc-114">
         <name>.debug_info</name>
         <load_address>0xec9d</load_address>
         <run_address>0xec9d</run_address>
         <size>0x136</size>
         <input_file_ref idref="fl-d8"/>
      </object_component>
      <object_component id="oc-1d3">
         <name>.debug_info</name>
         <load_address>0xedd3</load_address>
         <run_address>0xedd3</run_address>
         <size>0x12d</size>
         <input_file_ref idref="fl-d9"/>
      </object_component>
      <object_component id="oc-107">
         <name>.debug_info</name>
         <load_address>0xef00</load_address>
         <run_address>0xef00</run_address>
         <size>0x124</size>
         <input_file_ref idref="fl-da"/>
      </object_component>
      <object_component id="oc-1cf">
         <name>.debug_info</name>
         <load_address>0xf024</load_address>
         <run_address>0xf024</run_address>
         <size>0x13a</size>
         <input_file_ref idref="fl-db"/>
      </object_component>
      <object_component id="oc-1da">
         <name>.debug_info</name>
         <load_address>0xf15e</load_address>
         <run_address>0xf15e</run_address>
         <size>0x122</size>
         <input_file_ref idref="fl-dc"/>
      </object_component>
      <object_component id="oc-42">
         <name>.debug_info</name>
         <load_address>0xf280</load_address>
         <run_address>0xf280</run_address>
         <size>0x111</size>
         <input_file_ref idref="fl-dd"/>
      </object_component>
      <object_component id="oc-4d">
         <name>.debug_info</name>
         <load_address>0xf391</load_address>
         <run_address>0xf391</run_address>
         <size>0x13f</size>
         <input_file_ref idref="fl-de"/>
      </object_component>
      <object_component id="oc-58">
         <name>.debug_info</name>
         <load_address>0xf4d0</load_address>
         <run_address>0xf4d0</run_address>
         <size>0x138</size>
         <input_file_ref idref="fl-df"/>
      </object_component>
      <object_component id="oc-61">
         <name>.debug_info</name>
         <load_address>0xf608</load_address>
         <run_address>0xf608</run_address>
         <size>0x148</size>
         <input_file_ref idref="fl-e0"/>
      </object_component>
      <object_component id="oc-2df">
         <name>.debug_info</name>
         <load_address>0xf750</load_address>
         <run_address>0xf750</run_address>
         <size>0x199</size>
         <input_file_ref idref="fl-e1"/>
      </object_component>
      <object_component id="oc-241">
         <name>.debug_info</name>
         <load_address>0xf8e9</load_address>
         <run_address>0xf8e9</run_address>
         <size>0x126</size>
         <input_file_ref idref="fl-e1"/>
      </object_component>
      <object_component id="oc-13d">
         <name>.debug_info</name>
         <load_address>0xfa0f</load_address>
         <run_address>0xfa0f</run_address>
         <size>0x4a1</size>
         <input_file_ref idref="fl-e1"/>
      </object_component>
      <object_component id="oc-244">
         <name>.debug_info</name>
         <load_address>0xfeb0</load_address>
         <run_address>0xfeb0</run_address>
         <size>0x39</size>
         <input_file_ref idref="fl-e1"/>
      </object_component>
      <object_component id="oc-26b">
         <name>.debug_info</name>
         <load_address>0xfee9</load_address>
         <run_address>0xfee9</run_address>
         <size>0x1d5</size>
         <input_file_ref idref="fl-e2"/>
      </object_component>
      <object_component id="oc-17a">
         <name>.debug_info</name>
         <load_address>0x100be</load_address>
         <run_address>0x100be</run_address>
         <size>0x40a</size>
         <input_file_ref idref="fl-e2"/>
      </object_component>
      <object_component id="oc-76">
         <name>.debug_info</name>
         <load_address>0x104c8</load_address>
         <run_address>0x104c8</run_address>
         <size>0x109</size>
         <input_file_ref idref="fl-e3"/>
      </object_component>
      <object_component id="oc-2aa">
         <name>.debug_info</name>
         <load_address>0x105d1</load_address>
         <run_address>0x105d1</run_address>
         <size>0x13a</size>
         <input_file_ref idref="fl-e4"/>
      </object_component>
      <object_component id="oc-132">
         <name>.debug_info</name>
         <load_address>0x1070b</load_address>
         <run_address>0x1070b</run_address>
         <size>0x126</size>
         <input_file_ref idref="fl-e5"/>
      </object_component>
      <object_component id="oc-157">
         <name>.debug_info</name>
         <load_address>0x10831</load_address>
         <run_address>0x10831</run_address>
         <size>0x124</size>
         <input_file_ref idref="fl-e6"/>
      </object_component>
      <object_component id="oc-b3">
         <name>.debug_info</name>
         <load_address>0x10955</load_address>
         <run_address>0x10955</run_address>
         <size>0x113</size>
         <input_file_ref idref="fl-e6"/>
      </object_component>
      <object_component id="oc-151">
         <name>.debug_info</name>
         <load_address>0x10a68</load_address>
         <run_address>0x10a68</run_address>
         <size>0x21f</size>
         <input_file_ref idref="fl-e6"/>
      </object_component>
      <object_component id="oc-321">
         <name>.debug_info</name>
         <load_address>0x10c87</load_address>
         <run_address>0x10c87</run_address>
         <size>0x435</size>
         <input_file_ref idref="fl-e7"/>
      </object_component>
      <object_component id="oc-262">
         <name>.debug_info</name>
         <load_address>0x110bc</load_address>
         <run_address>0x110bc</run_address>
         <size>0x821</size>
         <input_file_ref idref="fl-e7"/>
      </object_component>
      <object_component id="oc-323">
         <name>.debug_info</name>
         <load_address>0x118dd</load_address>
         <run_address>0x118dd</run_address>
         <size>0x9a</size>
         <input_file_ref idref="fl-e7"/>
      </object_component>
      <object_component id="oc-38a">
         <name>.debug_info</name>
         <load_address>0x11977</load_address>
         <run_address>0x11977</run_address>
         <size>0x2c</size>
         <input_file_ref idref="fl-e7"/>
      </object_component>
      <object_component id="oc-ae">
         <name>.debug_info</name>
         <load_address>0x119a3</load_address>
         <run_address>0x119a3</run_address>
         <size>0x166</size>
         <input_file_ref idref="fl-e8"/>
      </object_component>
      <object_component id="oc-6a">
         <name>.debug_info</name>
         <load_address>0x11b09</load_address>
         <run_address>0x11b09</run_address>
         <size>0x167</size>
         <input_file_ref idref="fl-e8"/>
      </object_component>
      <object_component id="oc-148">
         <name>.debug_info</name>
         <load_address>0x11c70</load_address>
         <run_address>0x11c70</run_address>
         <size>0x5e</size>
         <input_file_ref idref="fl-e8"/>
      </object_component>
      <object_component id="oc-385">
         <name>.debug_info</name>
         <load_address>0x11cce</load_address>
         <run_address>0x11cce</run_address>
         <size>0x114</size>
         <input_file_ref idref="fl-e9"/>
      </object_component>
      <object_component id="oc-314">
         <name>.debug_info</name>
         <load_address>0x11de2</load_address>
         <run_address>0x11de2</run_address>
         <size>0x171</size>
         <input_file_ref idref="fl-e9"/>
      </object_component>
      <object_component id="oc-a6">
         <name>.debug_info</name>
[...]
      </symbol>
      <symbol id="sm-2aa">
         <name>UART_send_int32_t_string</name>
         <value>0x1131</value>
         <object_component_ref idref="oc-ef"/>
      </symbol>
      <symbol id="sm-2ab">
         <name>UART_send_float_string</name>
         <value>0x124d</value>
         <object_component_ref idref="oc-ef"/>
      </symbol>
      <symbol id="sm-2ac">
         <name>UART_send_char</name>
         <value>0xec1</value>
         <object_component_ref idref="oc-ef"/>
      </symbol>
      <symbol id="sm-2ad">
         <name>UART_send_int64_t</name>
         <value>0xf0b</value>
         <object_component_ref idref="oc-ef"/>
      </symbol>
      <symbol id="sm-2ae">
         <name>UART_recive_char</name>
         <value>0xed5</value>
         <object_component_ref idref="oc-ef"/>
      </symbol>
      <symbol id="sm-2af">
         <name>UART_send_float</name>
         <value>0xfdf</value>
         <object_component_ref idref="oc-ef"/>
      </symbol>
      <symbol id="sm-2b0">
         <name>UART4_Init</name>
         <value>0x139d</value>
         <object_component_ref idref="oc-ef"/>
      </symbol>
      <symbol id="sm-2b1">
         <name>UART5_Init</name>
         <value>0x13ff</value>
         <object_component_ref idref="oc-ef"/>
      </symbol>
      <symbol id="sm-2b2">
         <name>UART1_Init</name>
         <value>0x134b</value>
         <object_component_ref idref="oc-ef"/>
      </symbol>
      <symbol id="sm-2b3">
         <name>UART_send_int32_t</name>
         <value>0xfa7</value>
         <object_component_ref idref="oc-ef"/>
      </symbol>
      <symbol id="sm-2b4">
         <name>Data5pro</name>
         <value>0x161d</value>
         <object_component_ref idref="oc-ef"/>
      </symbol>
      <symbol id="sm-2b5">
         <name>UART_recive_string</name>
         <value>0x12b5</value>
         <object_component_ref idref="oc-ef"/>
      </symbol>
      <symbol id="sm-2b6">
         <name>final_count</name>
         <value>0x2000051a</value>
         <object_component_ref idref="oc-12d"/>
      </symbol>
      <symbol id="sm-2cc">
         <name>FPULazyStackingEnable</name>
         <value>0x4b81</value>
         <object_component_ref idref="oc-d1"/>
      </symbol>
      <symbol id="sm-2cd">
         <name>FPUEnable</name>
         <value>0x4b71</value>
         <object_component_ref idref="oc-d7"/>
      </symbol>
      <symbol id="sm-317">
         <name>GPIOPinTypePWM</name>
         <value>0x4b29</value>
         <object_component_ref idref="oc-199"/>
      </symbol>
      <symbol id="sm-318">
         <name>GPIOPinConfigure</name>
         <value>0x4705</value>
         <object_component_ref idref="oc-193"/>
      </symbol>
      <symbol id="sm-319">
         <name>GPIOPinTypeUART</name>
         <value>0x4b3b</value>
         <object_component_ref idref="oc-1dc"/>
      </symbol>
      <symbol id="sm-31a">
         <name>GPIOPinTypeGPIOOutput</name>
         <value>0x4a33</value>
         <object_component_ref idref="oc-172"/>
      </symbol>
      <symbol id="sm-31b">
         <name>GPIODirModeSet</name>
         <value>0x4963</value>
         <object_component_ref idref="oc-25a"/>
      </symbol>
      <symbol id="sm-31c">
         <name>GPIOPinWrite</name>
         <value>0x4c31</value>
         <object_component_ref idref="oc-127"/>
      </symbol>
      <symbol id="sm-31d">
         <name>GPIOPadConfigSet</name>
         <value>0x39c1</value>
         <object_component_ref idref="oc-254"/>
      </symbol>
      <symbol id="sm-370">
         <name>IntPrioritySet</name>
         <value>0x498d</value>
         <object_component_ref idref="oc-1e8"/>
      </symbol>
      <symbol id="sm-371">
         <name>IntEnable</name>
         <value>0x44a5</value>
         <object_component_ref idref="oc-2c3"/>
      </symbol>
      <symbol id="sm-372">
         <name>IntRegister</name>
         <value>0x48cd</value>
         <object_component_ref idref="oc-2bd"/>
      </symbol>
      <symbol id="sm-373">
         <name>g_pfnRAMVectors</name>
         <value>0x20000000</value>
         <object_component_ref idref="oc-353"/>
      </symbol>
      <symbol id="sm-374">
         <name>IntMasterEnable</name>
         <value>0x4b91</value>
         <object_component_ref idref="oc-f5"/>
      </symbol>
      <symbol id="sm-3a9">
         <name>PWMGenPeriodSet</name>
         <value>0x4ba1</value>
         <object_component_ref idref="oc-1ab"/>
      </symbol>
      <symbol id="sm-3aa">
         <name>PWMPulseWidthSet</name>
         <value>0x4a15</value>
         <object_component_ref idref="oc-11e"/>
      </symbol>
      <symbol id="sm-3ab">
         <name>PWMGenPeriodGet</name>
         <value>0x4b4d</value>
         <object_component_ref idref="oc-118"/>
      </symbol>
      <symbol id="sm-3ac">
         <name>PWMOutputState</name>
         <value>0x4b5f</value>
         <object_component_ref idref="oc-1b7"/>
      </symbol>
      <symbol id="sm-3ad">
         <name>PWMGenEnable</name>
         <value>0x4be7</value>
         <object_component_ref idref="oc-1b1"/>
      </symbol>
      <symbol id="sm-3ae">
         <name>PWMGenConfigure</name>
         <value>0x49b1</value>
         <object_component_ref idref="oc-19f"/>
      </symbol>
      <symbol id="sm-420">
         <name>SysCtlPeripheralPresent</name>
         <value>0x485d</value>
         <object_component_ref idref="oc-293"/>
      </symbol>
      <symbol id="sm-421">
         <name>SysCtlClockSet</name>
         <value>0x3e15</value>
         <object_component_ref idref="oc-cb"/>
      </symbol>
      <symbol id="sm-422">
         <name>SysCtlDelay</name>
         <value>0x4c37</value>
         <object_component_ref idref="oc-167"/>
      </symbol>
      <symbol id="sm-423">
         <name>SysCtlPeripheralEnable</name>
         <value>0x4901</value>
         <object_component_ref idref="oc-16c"/>
      </symbol>
      <symbol id="sm-424">
         <name>SysCtlClockGet</name>
         <value>0x3c09</value>
         <object_component_ref idref="oc-1a5"/>
      </symbol>
      <symbol id="sm-425">
         <name>SysCtlPWMClockSet</name>
         <value>0x4ac5</value>
         <object_component_ref idref="oc-187"/>
      </symbol>
      <symbol id="sm-426">
         <name>SysCtlPeripheralReady</name>
         <value>0x4895</value>
         <object_component_ref idref="oc-18d"/>
      </symbol>
      <symbol id="sm-4b1">
         <name>UARTConfigSetExpClk</name>
         <value>0x4795</value>
         <object_component_ref idref="oc-200"/>
      </symbol>
      <symbol id="sm-4b2">
         <name>UARTDisable</name>
         <value>0x49d5</value>
         <object_component_ref idref="oc-2cc"/>
      </symbol>
      <symbol id="sm-4b3">
         <name>UARTIntEnable</name>
         <value>0x4c29</value>
         <object_component_ref idref="oc-1f4"/>
      </symbol>
      <symbol id="sm-4b4">
         <name>UARTCharsAvail</name>
         <value>0x4bbf</value>
         <object_component_ref idref="oc-218"/>
      </symbol>
      <symbol id="sm-4b5">
         <name>UARTCharGetNonBlocking</name>
         <value>0x4bb1</value>
         <object_component_ref idref="oc-212"/>
      </symbol>
      <symbol id="sm-4b6">
         <name>UARTClockSourceSet</name>
         <value>0x4c3d</value>
         <object_component_ref idref="oc-1fa"/>
      </symbol>
      <symbol id="sm-4b7">
         <name>UARTCharPut</name>
         <value>0x4c15</value>
         <object_component_ref idref="oc-1c1"/>
      </symbol>
      <symbol id="sm-4b8">
         <name>UARTEnable</name>
         <value>0x4ad9</value>
         <object_component_ref idref="oc-299"/>
      </symbol>
      <symbol id="sm-4b9">
         <name>UARTIntClear</name>
         <value>0x4c43</value>
         <object_component_ref idref="oc-20c"/>
      </symbol>
      <symbol id="sm-4ba">
         <name>UARTIntStatus</name>
         <value>0x4c1f</value>
         <object_component_ref idref="oc-206"/>
      </symbol>
      <symbol id="sm-4bb">
         <name>UARTCharGet</name>
         <value>0x4c0b</value>
         <object_component_ref idref="oc-1c7"/>
      </symbol>
      <symbol id="sm-4bc">
         <name>UARTIntRegister</name>
         <value>0x4a4b</value>
         <object_component_ref idref="oc-1ee"/>
      </symbol>
      <symbol id="sm-4c6">
         <name>CPUcpsie</name>
         <value>0x4bdb</value>
         <object_component_ref idref="oc-222"/>
      </symbol>
      <symbol id="sm-4d7">
         <name>_c_int00</name>
         <value>0x4575</value>
         <object_component_ref idref="oc-24"/>
      </symbol>
      <symbol id="sm-4d8">
         <name>__stack</name>
         <value>0x2000026c</value>
         <object_component_ref idref="oc-2a"/>
      </symbol>
      <symbol id="sm-4f6">
         <name>__TI_decompress_lzss</name>
         <value>0x450d</value>
         <object_component_ref idref="oc-12"/>
      </symbol>
      <symbol id="sm-50d">
         <name>__TI_decompress_none</name>
         <value>0x4bcd</value>
         <object_component_ref idref="oc-18"/>
      </symbol>
      <symbol id="sm-524">
         <name>__TI_zero_init</name>
         <value>0x4bf3</value>
         <object_component_ref idref="oc-1e"/>
      </symbol>
      <symbol id="sm-545">
         <name>C$$EXIT</name>
         <value>0x45c9</value>
         <object_component_ref idref="oc-6f"/>
      </symbol>
      <symbol id="sm-546">
         <name>abort</name>
         <value>0x45cd</value>
         <object_component_ref idref="oc-6f"/>
      </symbol>
      <symbol id="sm-547">
         <name>exit</name>
         <value>0x45d5</value>
         <object_component_ref idref="oc-6f"/>
      </symbol>
      <symbol id="sm-548">
         <name>__TI_dtors_ptr</name>
         <value>0x20000504</value>
         <object_component_ref idref="oc-af"/>
      </symbol>
      <symbol id="sm-549">
         <name>__TI_cleanup_ptr</name>
         <value>0x20000500</value>
         <object_component_ref idref="oc-af"/>
      </symbol>
      <symbol id="sm-54a">
         <name>__TI_enable_exit_profile_output</name>
         <value>0x20000508</value>
         <object_component_ref idref="oc-af"/>
      </symbol>
      <symbol id="sm-561">
         <name>__aeabi_dsub</name>
         <value>0x3441</value>
         <object_component_ref idref="oc-10e"/>
      </symbol>
      <symbol id="sm-562">
         <name>__aeabi_dadd</name>
         <value>0x344b</value>
         <object_component_ref idref="oc-10e"/>
      </symbol>
      <symbol id="sm-576">
         <name>__aeabi_ddiv</name>
         <value>0x3755</value>
         <object_component_ref idref="oc-135"/>
      </symbol>
      <symbol id="sm-581">
         <name>__aeabi_dmul</name>
         <value>0x3d19</value>
         <object_component_ref idref="oc-109"/>
      </symbol>
      <symbol id="sm-58d">
         <name>__aeabi_d2f</name>
         <value>0x43c9</value>
         <object_component_ref idref="oc-113"/>
      </symbol>
      <symbol id="sm-598">
         <name>__aeabi_f2lz</name>
         <value>0x4437</value>
         <object_component_ref idref="oc-1d2"/>
      </symbol>
      <symbol id="sm-5a2">
         <name>__aeabi_i2d</name>
         <value>0x4935</value>
         <object_component_ref idref="oc-104"/>
      </symbol>
      <symbol id="sm-5c1">
         <name>__aeabi_ldivmod</name>
         <value>0x2e51</value>
         <object_component_ref idref="oc-1cd"/>
      </symbol>
      <symbol id="sm-5cc">
         <name>__aeabi_l2f</name>
         <value>0x474d</value>
         <object_component_ref idref="oc-1d7"/>
      </symbol>
      <symbol id="sm-5e7">
         <name>memcpy</name>
         <value>0x40c5</value>
         <object_component_ref idref="oc-3f"/>
      </symbol>
      <symbol id="sm-5e8">
         <name>__aeabi_memcpy</name>
         <value>0x40c5</value>
         <object_component_ref idref="oc-3f"/>
      </symbol>
      <symbol id="sm-5e9">
         <name>__aeabi_memcpy8</name>
         <value>0x40c5</value>
         <object_component_ref idref="oc-3f"/>
      </symbol>
      <symbol id="sm-5ea">
         <name>__aeabi_memcpy4</name>
         <value>0x40c5</value>
         <object_component_ref idref="oc-3f"/>
      </symbol>
      <symbol id="sm-5f9">
         <name>__aeabi_memset</name>
         <value>0x426f</value>
         <object_component_ref idref="oc-4b"/>
      </symbol>
      <symbol id="sm-5fa">
         <name>memset</name>
         <value>0x4275</value>
         <object_component_ref idref="oc-4b"/>
      </symbol>
      <symbol id="sm-5fb">
         <name>__aeabi_memset8</name>
         <value>0x426f</value>
         <object_component_ref idref="oc-4b"/>
      </symbol>
      <symbol id="sm-5fc">
         <name>__aeabi_memset4</name>
         <value>0x426f</value>
         <object_component_ref idref="oc-4b"/>
      </symbol>
      <symbol id="sm-5fd">
         <name>__aeabi_memclr8</name>
         <value>0x426d</value>
         <object_component_ref idref="oc-4b"/>
      </symbol>
      <symbol id="sm-5fe">
         <name>__aeabi_memclr4</name>
         <value>0x426d</value>
         <object_component_ref idref="oc-4b"/>
      </symbol>
      <symbol id="sm-5ff">
         <name>__aeabi_memclr</name>
         <value>0x426d</value>
         <object_component_ref idref="oc-4b"/>
      </symbol>
      <symbol id="sm-609">
         <name>__mpu_init</name>
         <value>0x388b</value>
         <object_component_ref idref="oc-57"/>
      </symbol>
      <symbol id="sm-613">
         <name>_system_pre_init</name>
         <value>0x4c47</value>
         <object_component_ref idref="oc-5d"/>
      </symbol>
      <symbol id="sm-64b">
         <name>atanl</name>
         <value>0x26e9</value>
         <object_component_ref idref="oc-13a"/>
      </symbol>
      <symbol id="sm-64c">
         <name>atan</name>
         <value>0x26e9</value>
         <object_component_ref idref="oc-13a"/>
      </symbol>
      <symbol id="sm-66e">
         <name>sscanf</name>
         <value>0x400b</value>
         <object_component_ref idref="oc-179"/>
      </symbol>
      <symbol id="sm-66f">
         <name>vsscanf</name>
         <value>0x3ff9</value>
         <object_component_ref idref="oc-179"/>
      </symbol>
      <symbol id="sm-677">
         <name>main_func_sp</name>
         <value>0x20000520</value>
         <object_component_ref idref="oc-75"/>
      </symbol>
      <symbol id="sm-686">
         <name>__aeabi_uidivmod</name>
         <value>0x481d</value>
         <object_component_ref idref="oc-2a8"/>
      </symbol>
      <symbol id="sm-687">
         <name>__aeabi_uidiv</name>
         <value>0x481d</value>
         <object_component_ref idref="oc-2a8"/>
      </symbol>
      <symbol id="sm-691">
         <name>__aeabi_ui2d</name>
         <value>0x49f5</value>
         <object_component_ref idref="oc-130"/>
      </symbol>
      <symbol id="sm-6aa">
         <name>_nop</name>
         <value>0x4afb</value>
         <object_component_ref idref="oc-14f"/>
      </symbol>
      <symbol id="sm-6ab">
         <name>_lock</name>
         <value>0x2000050c</value>
         <object_component_ref idref="oc-b2"/>
      </symbol>
      <symbol id="sm-6ac">
         <name>_unlock</name>
         <value>0x20000510</value>
         <object_component_ref idref="oc-b2"/>
      </symbol>
      <symbol id="sm-6ad">
         <name>_register_lock</name>
         <value>0x4af3</value>
         <object_component_ref idref="oc-14f"/>
      </symbol>
      <symbol id="sm-6ae">
         <name>_register_unlock</name>
         <value>0x4aed</value>
         <object_component_ref idref="oc-14f"/>
      </symbol>
      <symbol id="sm-742">
         <name>__TI_scanfi</name>
         <value>0x19b5</value>
         <object_component_ref idref="oc-261"/>
      </symbol>
      <symbol id="sm-756">
         <name>_args_main</name>
         <value>0x4a65</value>
         <object_component_ref idref="oc-69"/>
      </symbol>
      <symbol id="sm-76c">
         <name>atoi</name>
         <value>0x466d</value>
         <object_component_ref idref="oc-313"/>
      </symbol>
      <symbol id="sm-796">
         <name>__TI_auto_init</name>
         <value>0x4359</value>
         <object_component_ref idref="oc-63"/>
      </symbol>
      <symbol id="sm-7b0">
         <name>copy_in</name>
         <value>0x46b9</value>
         <object_component_ref idref="oc-99"/>
      </symbol>
      <symbol id="sm-7bb">
         <name>_ctypes_</name>
         <value>0x4c50</value>
         <object_component_ref idref="oc-267"/>
      </symbol>
      <symbol id="sm-7dd">
         <name>__aeabi_cdcmpeq</name>
         <value>0x4161</value>
         <object_component_ref idref="oc-371"/>
      </symbol>
      <symbol id="sm-7de">
         <name>__aeabi_cdcmple</name>
         <value>0x4161</value>
         <object_component_ref idref="oc-371"/>
      </symbol>
      <symbol id="sm-7df">
         <name>__aeabi_cdrcmple</name>
         <value>0x41e7</value>
         <object_component_ref idref="oc-23b"/>
      </symbol>
      <symbol id="sm-7e9">
         <name>__aeabi_idiv0</name>
         <value>0x3263</value>
         <object_component_ref idref="oc-33c"/>
      </symbol>
      <symbol id="sm-7f3">
         <name>__aeabi_ldiv0</name>
         <value>0x35f7</value>
         <object_component_ref idref="oc-289"/>
      </symbol>
      <symbol id="sm-7fd">
         <name>_system_post_cinit</name>
         <value>0x3af3</value>
         <object_component_ref idref="oc-9f"/>
      </symbol>
      <symbol id="sm-80d">
         <name>strchr</name>
         <value>0x4aad</value>
         <object_component_ref idref="oc-319"/>
      </symbol>
      <symbol id="sm-81b">
         <name>strcpy</name>
         <value>0x4b01</value>
         <object_component_ref idref="oc-307"/>
      </symbol>
      <symbol id="sm-829">
         <name>strlen</name>
         <value>0x4b15</value>
         <object_component_ref idref="oc-30d"/>
      </symbol>
      <symbol id="sm-838">
         <name>strrchr</name>
         <value>0x4a95</value>
         <object_component_ref idref="oc-2e3"/>
      </symbol>
      <symbol id="sm-875">
         <name>strtold</name>
         <value>0x2c15</value>
         <object_component_ref idref="oc-2f5"/>
      </symbol>
      <symbol id="sm-876">
         <name>strtod</name>
         <value>0x2c15</value>
         <object_component_ref idref="oc-2f5"/>
      </symbol>
      <symbol id="sm-89b">
         <name>strtol</name>
         <value>0x388d</value>
         <object_component_ref idref="oc-2fb"/>
      </symbol>
      <symbol id="sm-8c2">
         <name>strtoll</name>
         <value>0x3265</value>
         <object_component_ref idref="oc-301"/>
      </symbol>
      <symbol id="sm-8e3">
         <name>strtoul</name>
         <value>0x3af5</value>
         <object_component_ref idref="oc-2e9"/>
      </symbol>
      <symbol id="sm-907">
         <name>strtoull</name>
         <value>0x35f9</value>
         <object_component_ref idref="oc-2ef"/>
      </symbol>
      <symbol id="sm-923">
         <name>__aeabi_uldivmod</name>
         <value>0x306f</value>
         <object_component_ref idref="oc-36a"/>
      </symbol>
      <symbol id="sm-92b">
         <name>errno</name>
         <value>0x2000051c</value>
         <object_component_ref idref="oc-360"/>
      </symbol>
      <symbol id="sm-934">
         <name>__aeabi_lmul</name>
         <value>0x4a7d</value>
         <object_component_ref idref="oc-365"/>
      </symbol>
      <symbol id="sm-935">
         <name>__TI_static_base__</name>
         <value>0x0</value>
      </symbol>
      <symbol id="sm-938">
         <name>SHT$$INIT_ARRAY$$Limit</name>
         <value>0x0</value>
      </symbol>
      <symbol id="sm-939">
         <name>SHT$$INIT_ARRAY$$Base</name>
         <value>0x0</value>
      </symbol>
   </symbol_table>
   <title>Link successful</title>
</link_info>
